../Core/Src/main.c:151:33:wr8	32	static
../Core/Src/main.c:154:33:rd	40	static
../Core/Src/main.c:159:6:kalman_1d	48	static
../Core/Src/main.c:173:6:gyro_signal	40	static
../Core/Src/main.c:212:6:pid_equation	72	static
../Core/Src/main.c:242:6:reset_pid	4	static
../Core/Src/main.c:250:24:pulse_saturate	16	static
../Core/Src/main.c:261:6:sbus_decode	16	static
../Core/Src/main.c:296:6:HAL_UARTEx_RxEventCallback	16	static
../Core/Src/main.c:312:6:map	24	static
../Core/Src/main.c:316:21:fmap	32	static
../Core/Src/main.c:346:5:main	24	static
../Core/Src/main.c:588:6:SystemClock_Config	88	static
../Core/Src/main.c:635:13:MX_I2C1_Init	8	static
../Core/Src/main.c:669:13:MX_TIM3_Init	64	static
../Core/Src/main.c:740:13:MX_USART1_UART_Init	8	static
../Core/Src/main.c:773:13:MX_USART2_UART_Init	8	static
../Core/Src/main.c:806:13:MX_USART6_UART_Init	8	static
../Core/Src/main.c:837:13:MX_DMA_Init	16	static
../Core/Src/main.c:855:13:MX_GPIO_Init	16	static
../Core/Src/main.c:876:6:Error_Handler	4	static,ignoring_inline_asm
