../Core/Src/main.c:104:33:wr8	32	static
../Core/Src/main.c:107:33:rd	40	static
../Core/Src/main.c:112:6:kalman_1d	48	static
../Core/Src/main.c:126:6:gyro_signal	56	static
../Core/Src/main.c:161:6:pid_equation	64	static
../Core/Src/main.c:177:6:reset_pid	4	static
../Core/Src/main.c:186:24:us_saturate	16	static
../Core/Src/main.c:191:20:set_motor_us	24	static
../Core/Src/main.c:216:5:main	24	static
../Core/Src/main.c:376:6:SystemClock_Config	88	static
../Core/Src/main.c:423:13:MX_I2C1_Init	8	static
../Core/Src/main.c:457:13:MX_TIM3_Init	48	static
../Core/Src/main.c:518:13:MX_USART1_UART_Init	8	static
../Core/Src/main.c:551:13:MX_GPIO_Init	16	static
../Core/Src/main.c:572:6:Error_Handler	4	static,ignoring_inline_asm
