../Core/Src/main.c:119:33:wr8	32	static
../Core/Src/main.c:122:33:rd	40	static
../Core/Src/main.c:127:6:kalman_1d	48	static
../Core/Src/main.c:141:6:gyro_signal	48	static
../Core/Src/main.c:178:6:pid_equation	72	static
../Core/Src/main.c:208:6:reset_pid	4	static
../Core/Src/main.c:216:24:us_saturate	16	static
../Core/Src/main.c:223:20:set_motor_us	24	static
../Core/Src/main.c:228:21:us_to_percent	16	static
../Core/Src/main.c:258:5:main	24	static
../Core/Src/main.c:444:6:SystemClock_Config	88	static
../Core/Src/main.c:491:13:MX_I2C1_Init	8	static
../Core/Src/main.c:525:13:MX_TIM3_Init	48	static
../Core/Src/main.c:586:13:MX_USART1_UART_Init	8	static
../Core/Src/main.c:619:13:MX_USART2_UART_Init	8	static
../Core/Src/main.c:652:13:MX_USART6_UART_Init	8	static
../Core/Src/main.c:685:13:MX_GPIO_Init	16	static
../Core/Src/main.c:706:6:Error_Handler	4	static,ignoring_inline_asm
